---
source: crates/agent/src/integration_tests/graphql/queries/mod.rs
expression: alice_result
---
{
  "prefixes": {
    "edges": [
      {
        "cursor": "aliceCo/",
        "node": {
          "prefix": "aliceCo/",
          "userCapability": "admin"
        }
      },
      {
        "cursor": "ops/dp/public/",
        "node": {
          "prefix": "ops/dp/public/",
          "userCapability": "read"
        }
      }
    ]
  }
}
