---
source: crates/agent/src/integration_tests/graphql/queries/mod.rs
expression: bob_result
---
"GraphQL query failed with error: GraphQL errors: [ServerError { message: \"must provide at least one of `names` or `prefix`\", locations: [Pos(2:5)], path: [Field(\"liveSpecs\")], extensions: None }]"
