---
source: crates/agent/src/integration_tests/graphql/queries/mod.rs
expression: alice_result
---
"GraphQL query failed with error: GraphQL errors: [ServerError { message: \"user is not authorized to bobCo/\", locations: [Pos(4:5)], path: [Field(\"alerts\")], extensions: None }]"
